#! /nix/store/nifnxfn7bcwpzxnyfbis5pdbd738pxjc-iverilog-13.0/bin/vvp
:ivl_version "13.0 (stable)" "(v13_0)";
:ivl_delay_selection "TYPICAL";
:vpi_time_precision - 12;
:vpi_module "/nix/store/nifnxfn7bcwpzxnyfbis5pdbd738pxjc-iverilog-13.0/lib/ivl/system.vpi";
:vpi_module "/nix/store/nifnxfn7bcwpzxnyfbis5pdbd738pxjc-iverilog-13.0/lib/ivl/vhdl_sys.vpi";
:vpi_module "/nix/store/nifnxfn7bcwpzxnyfbis5pdbd738pxjc-iverilog-13.0/lib/ivl/vhdl_textio.vpi";
:vpi_module "/nix/store/nifnxfn7bcwpzxnyfbis5pdbd738pxjc-iverilog-13.0/lib/ivl/v2005_math.vpi";
:vpi_module "/nix/store/nifnxfn7bcwpzxnyfbis5pdbd738pxjc-iverilog-13.0/lib/ivl/va_math.vpi";
S_0x5555558e2880 .scope module, "memory_communicator_tb" "memory_communicator_tb" 2 7;
 .timescale -9 -12;
P_0x55555593b4a0 .param/real "CLK_FREQ" 0 2 9, Cr<m5f5e100000000000gfdb>; value=5.00000e+07
P_0x55555593b4e0 .param/real "CLK_PERIOD_NS" 1 2 10, Cr<m5000000000000000gfc6>; value=20.0000
v0x55555595e7b0_0 .var "clk", 0 0;
v0x55555595e870_0 .var "data_word_in_i", 15 0;
v0x55555595e930_0 .net "data_word_out_o", 7 0, v0x55555595a140_0;  1 drivers
v0x55555595ea20_0 .net "ram_addr_o", 7 0, v0x555555959f80_0;  1 drivers
v0x55555595eb30_0 .var "ram_data_ready_i", 0 0;
v0x55555595ec70_0 .net "ram_out_do_swap_o", 0 0, v0x555555959c50_0;  1 drivers
v0x55555595ed60_0 .net "ram_out_valid_o", 0 0, v0x55555595a360_0;  1 drivers
v0x55555595ee50_0 .var "rst_n", 0 0;
E_0x5555558a76a0 .event anyedge, v0x55555595a360_0;
E_0x5555558e0e30 .event negedge, v0x55555593a2c0_0;
S_0x5555558e2a10 .scope module, "dut_cpu_core" "cpu_core" 2 25, 3 2 0, S_0x5555558e2880;
 .timescale 0 0;
    .port_info 0 /INPUT 1 "clk";
    .port_info 1 /INPUT 1 "rst_n";
    .port_info 2 /INPUT 1 "ram_data_ready_i";
    .port_info 3 /INPUT 16 "data_word_in_i";
    .port_info 4 /OUTPUT 8 "ram_addr_o";
    .port_info 5 /OUTPUT 8 "data_word_out_o";
    .port_info 6 /OUTPUT 1 "ram_out_valid_o";
    .port_info 7 /OUTPUT 1 "ram_out_do_swap_o";
P_0x5555558e2bf0 .param/l "START_INSTRUCTION" 0 3 2, C4<0000000000000001>;
v0x55555595cf20_0 .net "addr1", 2 0, v0x5555559587c0_0;  1 drivers
v0x55555595d050_0 .net "addr2", 2 0, v0x5555559588c0_0;  1 drivers
v0x55555595d160_0 .net "alu_done_flow", 0 0, v0x55555591fc50_0;  1 drivers
v0x55555595d250_0 .net "alu_output", 7 0, L_0x55555595eef0;  1 drivers
v0x55555595d340_0 .net "clk", 0 0, v0x55555595e7b0_0;  1 drivers
v0x55555595d430_0 .net "cpu_instruction", 15 0, v0x555555959dd0_0;  1 drivers
v0x55555595d540_0 .net "current_pc", 7 0, v0x55555595b850_0;  1 drivers
v0x55555595d600_0 .net "data_1", 7 0, v0x55555595c710_0;  1 drivers
v0x55555595d750_0 .net "data_2", 7 0, v0x55555595c7b0_0;  1 drivers
v0x55555595d8a0_0 .net "data_word_in_i", 15 0, v0x55555595e870_0;  1 drivers
v0x55555595d960_0 .net "data_word_out_o", 7 0, v0x55555595a140_0;  alias, 1 drivers
v0x55555595da00_0 .net "do_swap_ctrl", 0 0, v0x555555958ae0_0;  1 drivers
v0x55555595daa0_0 .net "done_decoding_flow", 0 0, v0x555555958a40_0;  1 drivers
v0x55555595db90_0 .net "done_mem_flow", 0 0, v0x555555959a80_0;  1 drivers
v0x55555595dc80_0 .net "done_pc_flow", 0 0, v0x55555595bac0_0;  1 drivers
v0x55555595dd70_0 .net "done_reading_flow", 0 0, v0x55555595ca40_0;  1 drivers
v0x55555595de60_0 .net "done_writing_flow", 0 0, v0x55555595cb10_0;  1 drivers
v0x55555595e010_0 .net "imm", 7 0, v0x555555958b80_0;  1 drivers
v0x55555595e0b0_0 .net "ram_addr_o", 7 0, v0x555555959f80_0;  alias, 1 drivers
v0x55555595e170_0 .net "ram_data_ready_i", 0 0, v0x55555595eb30_0;  1 drivers
v0x55555595e210_0 .net "ram_out_do_swap_o", 0 0, v0x555555959c50_0;  alias, 1 drivers
v0x55555595e2b0_0 .net "ram_out_valid_o", 0 0, v0x55555595a360_0;  alias, 1 drivers
v0x55555595e350_0 .net "rst_n", 0 0, v0x55555595ee50_0;  1 drivers
v0x55555595e3f0_0 .net "select_jump_ctrl", 0 0, v0x555555958da0_0;  1 drivers
v0x55555595e4e0_0 .net "start_decoding_flow", 0 0, v0x55555595a2c0_0;  1 drivers
v0x55555595e5d0_0 .net "wb_data", 7 0, v0x55555595a400_0;  1 drivers
S_0x5555558eb4a0 .scope module, "addi_adder" "add8" 3 106, 4 1 0, S_0x5555558e2a10;
 .timescale 0 0;
    .port_info 0 /INPUT 1 "clk";
    .port_info 1 /INPUT 1 "rst_n";
    .port_info 2 /INPUT 1 "start";
    .port_info 3 /INPUT 8 "op1";
    .port_info 4 /INPUT 8 "op2";
    .port_info 5 /OUTPUT 8 "res";
    .port_info 6 /OUTPUT 1 "done";
v0x55555593a2c0_0 .net "clk", 0 0, v0x55555595e7b0_0;  alias, 1 drivers
v0x55555591fc50_0 .var "done", 0 0;
v0x5555559241e0_0 .net "op1", 7 0, v0x55555595c710_0;  alias, 1 drivers
v0x555555923370_0 .net "op2", 7 0, v0x555555958b80_0;  alias, 1 drivers
v0x5555558e0910_0 .net "res", 7 0, L_0x55555595eef0;  alias, 1 drivers
v0x5555558dc150_0 .net "rst_n", 0 0, v0x55555595ee50_0;  alias, 1 drivers
v0x5555558a9d40_0 .net "start", 0 0, v0x55555595ca40_0;  alias, 1 drivers
E_0x5555558a95e0 .event posedge, v0x55555593a2c0_0;
L_0x55555595eef0 .arith/sum 8, v0x55555595c710_0, v0x555555958b80_0;
S_0x555555958380 .scope module, "cpu_decoder" "cpu_decoder" 3 73, 5 2 0, S_0x5555558e2a10;
 .timescale 0 0;
    .port_info 0 /INPUT 1 "clk";
    .port_info 1 /INPUT 1 "rst_n";
    .port_info 2 /INPUT 16 "instruction";
    .port_info 3 /INPUT 1 "start_decoding";
    .port_info 4 /OUTPUT 3 "addr1";
    .port_info 5 /OUTPUT 3 "addr2";
    .port_info 6 /OUTPUT 8 "imm";
    .port_info 7 /OUTPUT 1 "do_swap";
    .port_info 8 /OUTPUT 1 "select_jump";
    .port_info 9 /OUTPUT 1 "decoder_done";
P_0x555555958580 .param/l "START_INSTRUCTION" 0 5 2, C4<0000000000000001>;
v0x5555559587c0_0 .var "addr1", 2 0;
v0x5555559588c0_0 .var "addr2", 2 0;
v0x5555559589a0_0 .net "clk", 0 0, v0x55555595e7b0_0;  alias, 1 drivers
v0x555555958a40_0 .var "decoder_done", 0 0;
v0x555555958ae0_0 .var "do_swap", 0 0;
v0x555555958b80_0 .var "imm", 7 0;
v0x555555958c40_0 .net "instruction", 15 0, v0x555555959dd0_0;  alias, 1 drivers
v0x555555958d00_0 .net "rst_n", 0 0, v0x55555595ee50_0;  alias, 1 drivers
v0x555555958da0_0 .var "select_jump", 0 0;
v0x555555958ed0_0 .net "start_decoding", 0 0, v0x55555595a2c0_0;  alias, 1 drivers
S_0x5555559590d0 .scope module, "dut_memory_communicator" "memory_communicator" 3 37, 6 2 0, S_0x5555558e2a10;
 .timescale 0 0;
    .port_info 0 /INPUT 1 "clk";
    .port_info 1 /INPUT 1 "rst_n";
    .port_info 2 /INPUT 1 "do_swap_i";
    .port_info 3 /INPUT 1 "done_alu_i";
    .port_info 4 /INPUT 1 "done_pc_i";
    .port_info 5 /INPUT 8 "data_1_i";
    .port_info 6 /INPUT 8 "data_2_i";
    .port_info 7 /INPUT 8 "alu_data_i";
    .port_info 8 /INPUT 8 "program_counter_i";
    .port_info 9 /OUTPUT 1 "done_mem_o";
    .port_info 10 /OUTPUT 1 "start_decoding_o";
    .port_info 11 /OUTPUT 16 "next_instr_o";
    .port_info 12 /OUTPUT 8 "write_back_data_o";
    .port_info 13 /INPUT 1 "mem_done_i";
    .port_info 14 /INPUT 16 "ram_data_i";
    .port_info 15 /OUTPUT 8 "ram_addr_o";
    .port_info 16 /OUTPUT 8 "ram_write_data_o";
    .port_info 17 /OUTPUT 1 "en_swap_o";
    .port_info 18 /OUTPUT 1 "valid";
P_0x555555959260 .param/l "IDLE" 1 6 42, C4<00>;
P_0x5555559592a0 .param/l "WAITING_FOR_INSTRUCTION" 1 6 43, C4<01>;
P_0x5555559592e0 .param/l "WAITING_FOR_SWAP" 1 6 44, C4<10>;
v0x555555959520_0 .net "alu_data_i", 7 0, L_0x55555595eef0;  alias, 1 drivers
v0x5555559595e0_0 .net "clk", 0 0, v0x55555595e7b0_0;  alias, 1 drivers
v0x5555559596d0_0 .var "current_state", 1 0;
v0x555555959770_0 .net "data_1_i", 7 0, v0x55555595c710_0;  alias, 1 drivers
v0x555555959830_0 .net "data_2_i", 7 0, v0x55555595c7b0_0;  alias, 1 drivers
v0x555555959940_0 .net "do_swap_i", 0 0, v0x555555958ae0_0;  alias, 1 drivers
v0x5555559599e0_0 .net "done_alu_i", 0 0, v0x55555591fc50_0;  alias, 1 drivers
v0x555555959a80_0 .var "done_mem_o", 0 0;
v0x555555959b20_0 .net "done_pc_i", 0 0, v0x55555595bac0_0;  alias, 1 drivers
v0x555555959c50_0 .var "en_swap_o", 0 0;
v0x555555959d10_0 .net "mem_done_i", 0 0, v0x55555595eb30_0;  alias, 1 drivers
v0x555555959dd0_0 .var "next_instr_o", 15 0;
v0x555555959ec0_0 .net "program_counter_i", 7 0, v0x55555595b850_0;  alias, 1 drivers
v0x555555959f80_0 .var "ram_addr_o", 7 0;
v0x55555595a060_0 .net "ram_data_i", 15 0, v0x55555595e870_0;  alias, 1 drivers
v0x55555595a140_0 .var "ram_write_data_o", 7 0;
v0x55555595a220_0 .net "rst_n", 0 0, v0x55555595ee50_0;  alias, 1 drivers
v0x55555595a2c0_0 .var "start_decoding_o", 0 0;
v0x55555595a360_0 .var "valid", 0 0;
v0x55555595a400_0 .var "write_back_data_o", 7 0;
S_0x55555595a7e0 .scope module, "dut_nextadresslogic" "nextadresslogic" 3 117, 7 2 0, S_0x5555558e2a10;
 .timescale 0 0;
    .port_info 0 /INPUT 1 "clk";
    .port_info 1 /INPUT 1 "rst_n";
    .port_info 2 /INPUT 8 "imm";
    .port_info 3 /INPUT 1 "select_jump";
    .port_info 4 /INPUT 8 "data_1";
    .port_info 5 /INPUT 1 "done_writing";
    .port_info 6 /OUTPUT 8 "current_pc";
    .port_info 7 /OUTPUT 1 "done_pc";
L_0x5555559387c0 .functor AND 1, v0x555555958da0_0, L_0x55555595efb0, C4<1>, C4<1>;
L_0x7ffff7b54018 .functor BUFT 1, C4<00000000>, C4<0>, C4<0>, C4<0>;
v0x55555595b420_0 .net/2u *"_ivl_0", 7 0, L_0x7ffff7b54018;  1 drivers
v0x55555595b520_0 .net *"_ivl_2", 0 0, L_0x55555595efb0;  1 drivers
v0x55555595b5e0_0 .net *"_ivl_5", 0 0, L_0x5555559387c0;  1 drivers
L_0x7ffff7b54060 .functor BUFT 1, C4<00000001>, C4<0>, C4<0>, C4<0>;
v0x55555595b680_0 .net/2u *"_ivl_6", 7 0, L_0x7ffff7b54060;  1 drivers
v0x55555595b760_0 .net "clk", 0 0, v0x55555595e7b0_0;  alias, 1 drivers
v0x55555595b850_0 .var "current_pc", 7 0;
v0x55555595b910_0 .net "data_1", 7 0, v0x55555595c710_0;  alias, 1 drivers
v0x55555595ba20_0 .net "done_add", 0 0, v0x55555595ae30_0;  1 drivers
v0x55555595bac0_0 .var "done_pc", 0 0;
v0x55555595bbf0_0 .net "done_writing", 0 0, v0x55555595cb10_0;  alias, 1 drivers
v0x55555595bc90_0 .net "imm", 7 0, v0x555555958b80_0;  alias, 1 drivers
v0x55555595bd30_0 .net "jump_by", 7 0, L_0x55555595f0a0;  1 drivers
v0x55555595bdd0_0 .net "next_pc", 7 0, L_0x55555595f230;  1 drivers
v0x55555595bea0_0 .net "rst_n", 0 0, v0x55555595ee50_0;  alias, 1 drivers
v0x55555595bfd0_0 .net "select_jump", 0 0, v0x555555958da0_0;  alias, 1 drivers
L_0x55555595efb0 .cmp/eq 8, v0x55555595c710_0, L_0x7ffff7b54018;
L_0x55555595f0a0 .functor MUXZ 8, L_0x7ffff7b54060, v0x555555958b80_0, L_0x5555559387c0, C4<>;
S_0x55555595ab20 .scope module, "adder" "add8" 7 22, 4 1 0, S_0x55555595a7e0;
 .timescale 0 0;
    .port_info 0 /INPUT 1 "clk";
    .port_info 1 /INPUT 1 "rst_n";
    .port_info 2 /INPUT 1 "start";
    .port_info 3 /INPUT 8 "op1";
    .port_info 4 /INPUT 8 "op2";
    .port_info 5 /OUTPUT 8 "res";
    .port_info 6 /OUTPUT 1 "done";
v0x555555959480_0 .net "clk", 0 0, v0x55555595e7b0_0;  alias, 1 drivers
v0x55555595ae30_0 .var "done", 0 0;
v0x55555595aef0_0 .net "op1", 7 0, L_0x55555595f0a0;  alias, 1 drivers
v0x55555595afe0_0 .net "op2", 7 0, v0x55555595b850_0;  alias, 1 drivers
v0x55555595b0d0_0 .net "res", 7 0, L_0x55555595f230;  alias, 1 drivers
v0x55555595b1e0_0 .net "rst_n", 0 0, v0x55555595ee50_0;  alias, 1 drivers
v0x55555595b280_0 .net "start", 0 0, v0x55555595cb10_0;  alias, 1 drivers
L_0x55555595f230 .arith/sum 8, L_0x55555595f0a0, v0x55555595b850_0;
S_0x55555595c140 .scope module, "dut_register_file" "register_file" 3 88, 8 3 0, S_0x5555558e2a10;
 .timescale 0 0;
    .port_info 0 /INPUT 1 "clk";
    .port_info 1 /INPUT 1 "rst_n";
    .port_info 2 /INPUT 3 "addr1";
    .port_info 3 /INPUT 3 "addr2";
    .port_info 4 /INPUT 8 "wb_data";
    .port_info 5 /INPUT 1 "done_mem";
    .port_info 6 /INPUT 1 "done_decoding";
    .port_info 7 /OUTPUT 8 "data_1";
    .port_info 8 /OUTPUT 8 "data_2";
    .port_info 9 /OUTPUT 1 "done_reading";
    .port_info 10 /OUTPUT 1 "done_writing";
v0x55555595c490_0 .net "addr1", 2 0, v0x5555559587c0_0;  alias, 1 drivers
v0x55555595c570_0 .net "addr2", 2 0, v0x5555559588c0_0;  alias, 1 drivers
v0x55555595c640_0 .net "clk", 0 0, v0x55555595e7b0_0;  alias, 1 drivers
v0x55555595c710_0 .var "data_1", 7 0;
v0x55555595c7b0_0 .var "data_2", 7 0;
v0x55555595c8a0_0 .net "done_decoding", 0 0, v0x555555958a40_0;  alias, 1 drivers
v0x55555595c970_0 .net "done_mem", 0 0, v0x555555959a80_0;  alias, 1 drivers
v0x55555595ca40_0 .var "done_reading", 0 0;
v0x55555595cb10_0 .var "done_writing", 0 0;
v0x55555595cc40 .array "registers", 0 7, 0 7;
v0x55555595cce0_0 .net "rst_n", 0 0, v0x55555595ee50_0;  alias, 1 drivers
v0x55555595cd80_0 .net "wb_data", 7 0, v0x55555595a400_0;  alias, 1 drivers
    .scope S_0x5555559590d0;
T_0 ;
    %wait E_0x5555558a95e0;
    %pushi/vec4 0, 0, 1;
    %assign/vec4 v0x555555959a80_0, 0;
    %pushi/vec4 0, 0, 1;
    %assign/vec4 v0x55555595a2c0_0, 0;
    %load/vec4 v0x55555595a220_0;
    %pad/u 32;
    %cmpi/e 0, 0, 32;
    %jmp/0xz  T_0.0, 4;
    %pushi/vec4 0, 0, 16;
    %assign/vec4 v0x555555959dd0_0, 0;
    %pushi/vec4 0, 0, 8;
    %assign/vec4 v0x55555595a400_0, 0;
    %pushi/vec4 0, 0, 8;
    %assign/vec4 v0x555555959f80_0, 0;
    %pushi/vec4 0, 0, 8;
    %assign/vec4 v0x55555595a140_0, 0;
    %pushi/vec4 0, 0, 1;
    %assign/vec4 v0x555555959c50_0, 0;
    %pushi/vec4 0, 0, 1;
    %assign/vec4 v0x55555595a360_0, 0;
    %pushi/vec4 0, 0, 1;
    %assign/vec4 v0x555555959a80_0, 0;
    %pushi/vec4 0, 0, 1;
    %assign/vec4 v0x55555595a2c0_0, 0;
    %pushi/vec4 0, 0, 2;
    %assign/vec4 v0x5555559596d0_0, 0;
    %jmp T_0.1;
T_0.0 ;
    %load/vec4 v0x5555559596d0_0;
    %dup/vec4;
    %pushi/vec4 0, 0, 2;
    %cmp/u;
    %jmp/1 T_0.2, 6;
    %dup/vec4;
    %pushi/vec4 1, 0, 2;
    %cmp/u;
    %jmp/1 T_0.3, 6;
    %dup/vec4;
    %pushi/vec4 2, 0, 2;
    %cmp/u;
    %jmp/1 T_0.4, 6;
    %jmp T_0.5;
T_0.2 ;
    %load/vec4 v0x5555559599e0_0;
    %pad/u 32;
    %cmpi/e 1, 0, 32;
    %jmp/0xz  T_0.6, 4;
    %load/vec4 v0x555555959940_0;
    %pad/u 32;
    %cmpi/e 1, 0, 32;
    %jmp/0xz  T_0.8, 4;
    %vpi_call 6 71 "$display", "Got Swap Request By ALU!" {0 0 0};
    %load/vec4 v0x555555959770_0;
    %assign/vec4 v0x555555959f80_0, 0;
    %load/vec4 v0x555555959830_0;
    %assign/vec4 v0x55555595a140_0, 0;
    %pushi/vec4 1, 0, 1;
    %assign/vec4 v0x555555959c50_0, 0;
    %pushi/vec4 2, 0, 2;
    %assign/vec4 v0x5555559596d0_0, 0;
    %pushi/vec4 1, 0, 1;
    %assign/vec4 v0x55555595a360_0, 0;
    %jmp T_0.9;
T_0.8 ;
    %vpi_call 6 79 "$display", "Got Passtrough Request By ALU!" {0 0 0};
    %load/vec4 v0x555555959520_0;
    %assign/vec4 v0x55555595a400_0, 0;
    %pushi/vec4 1, 0, 1;
    %assign/vec4 v0x555555959a80_0, 0;
T_0.9 ;
    %jmp T_0.7;
T_0.6 ;
    %load/vec4 v0x555555959b20_0;
    %flag_set/vec4 8;
    %jmp/0xz  T_0.10, 8;
    %vpi_call 6 85 "$display", "Got Request by PC!" {0 0 0};
    %load/vec4 v0x555555959ec0_0;
    %assign/vec4 v0x555555959f80_0, 0;
    %pushi/vec4 0, 0, 8;
    %assign/vec4 v0x55555595a140_0, 0;
    %pushi/vec4 0, 0, 1;
    %assign/vec4 v0x555555959c50_0, 0;
    %pushi/vec4 1, 0, 2;
    %assign/vec4 v0x5555559596d0_0, 0;
    %pushi/vec4 1, 0, 1;
    %assign/vec4 v0x55555595a360_0, 0;
T_0.10 ;
T_0.7 ;
    %jmp T_0.5;
T_0.3 ;
    %load/vec4 v0x555555959d10_0;
    %flag_set/vec4 8;
    %jmp/0xz  T_0.12, 8;
    %load/vec4 v0x55555595a060_0;
    %assign/vec4 v0x555555959dd0_0, 0;
    %pushi/vec4 0, 0, 8;
    %assign/vec4 v0x55555595a400_0, 0;
    %pushi/vec4 0, 0, 1;
    %assign/vec4 v0x55555595a360_0, 0;
    %pushi/vec4 0, 0, 2;
    %assign/vec4 v0x5555559596d0_0, 0;
    %pushi/vec4 1, 0, 1;
    %assign/vec4 v0x55555595a2c0_0, 0;
T_0.12 ;
    %jmp T_0.5;
T_0.4 ;
    %load/vec4 v0x555555959d10_0;
    %flag_set/vec4 8;
    %jmp/0xz  T_0.14, 8;
    %load/vec4 v0x55555595a060_0;
    %parti/s 8, 0, 2;
    %assign/vec4 v0x55555595a400_0, 0;
    %pushi/vec4 0, 0, 1;
    %assign/vec4 v0x55555595a360_0, 0;
    %pushi/vec4 0, 0, 2;
    %assign/vec4 v0x5555559596d0_0, 0;
    %pushi/vec4 1, 0, 1;
    %assign/vec4 v0x555555959a80_0, 0;
T_0.14 ;
    %jmp T_0.5;
T_0.5 ;
    %pop/vec4 1;
T_0.1 ;
    %jmp T_0;
    .thread T_0;
    .scope S_0x555555958380;
T_1 ;
    %wait E_0x5555558a95e0;
    %pushi/vec4 0, 0, 1;
    %assign/vec4 v0x555555958a40_0, 0;
    %load/vec4 v0x555555958d00_0;
    %pad/u 32;
    %cmpi/e 0, 0, 32;
    %jmp/0xz  T_1.0, 4;
    %pushi/vec4 0, 0, 3;
    %assign/vec4 v0x5555559587c0_0, 0;
    %pushi/vec4 0, 0, 3;
    %assign/vec4 v0x5555559588c0_0, 0;
    %pushi/vec4 0, 0, 8;
    %assign/vec4 v0x555555958b80_0, 0;
    %pushi/vec4 1, 0, 1;
    %assign/vec4 v0x555555958da0_0, 0;
    %pushi/vec4 0, 0, 1;
    %assign/vec4 v0x555555958ae0_0, 0;
    %pushi/vec4 1, 0, 1;
    %assign/vec4 v0x555555958a40_0, 0;
    %jmp T_1.1;
T_1.0 ;
    %load/vec4 v0x555555958ed0_0;
    %pad/u 32;
    %cmpi/e 1, 0, 32;
    %jmp/0xz  T_1.2, 4;
    %load/vec4 v0x555555958c40_0;
    %parti/s 3, 2, 3;
    %assign/vec4 v0x5555559587c0_0, 0;
    %load/vec4 v0x555555958c40_0;
    %parti/s 3, 5, 4;
    %assign/vec4 v0x5555559588c0_0, 0;
    %load/vec4 v0x555555958c40_0;
    %parti/s 8, 8, 5;
    %assign/vec4 v0x555555958b80_0, 0;
    %load/vec4 v0x555555958c40_0;
    %parti/s 1, 0, 2;
    %assign/vec4 v0x555555958da0_0, 0;
    %load/vec4 v0x555555958c40_0;
    %parti/s 1, 1, 2;
    %assign/vec4 v0x555555958ae0_0, 0;
    %pushi/vec4 1, 0, 1;
    %assign/vec4 v0x555555958a40_0, 0;
T_1.2 ;
T_1.1 ;
    %jmp T_1;
    .thread T_1;
    .scope S_0x55555595c140;
T_2 ;
    %wait E_0x5555558a95e0;
    %pushi/vec4 0, 0, 1;
    %assign/vec4 v0x55555595ca40_0, 0;
    %pushi/vec4 0, 0, 1;
    %assign/vec4 v0x55555595cb10_0, 0;
    %load/vec4 v0x55555595cce0_0;
    %pad/u 32;
    %cmpi/e 0, 0, 32;
    %jmp/0xz  T_2.0, 4;
    %pushi/vec4 0, 0, 1;
    %assign/vec4 v0x55555595ca40_0, 0;
    %pushi/vec4 0, 0, 1;
    %assign/vec4 v0x55555595cb10_0, 0;
    %pushi/vec4 0, 0, 8;
    %assign/vec4 v0x55555595c710_0, 0;
    %pushi/vec4 0, 0, 8;
    %assign/vec4 v0x55555595c7b0_0, 0;
    %jmp T_2.1;
T_2.0 ;
    %load/vec4 v0x55555595c8a0_0;
    %pad/u 32;
    %cmpi/e 1, 0, 32;
    %jmp/0xz  T_2.2, 4;
    %load/vec4 v0x55555595c490_0;
    %pad/u 32;
    %cmpi/ne 0, 0, 32;
    %jmp/0xz  T_2.4, 4;
    %load/vec4 v0x55555595c490_0;
    %pad/u 5;
    %ix/vec4 4;
    %load/vec4a v0x55555595cc40, 4;
    %assign/vec4 v0x55555595c710_0, 0;
    %jmp T_2.5;
T_2.4 ;
    %pushi/vec4 0, 0, 8;
    %assign/vec4 v0x55555595c710_0, 0;
T_2.5 ;
    %load/vec4 v0x55555595c570_0;
    %pad/u 32;
    %cmpi/ne 0, 0, 32;
    %jmp/0xz  T_2.6, 4;
    %load/vec4 v0x55555595c570_0;
    %pad/u 5;
    %ix/vec4 4;
    %load/vec4a v0x55555595cc40, 4;
    %assign/vec4 v0x55555595c7b0_0, 0;
    %jmp T_2.7;
T_2.6 ;
    %pushi/vec4 0, 0, 8;
    %assign/vec4 v0x55555595c7b0_0, 0;
T_2.7 ;
    %pushi/vec4 1, 0, 1;
    %assign/vec4 v0x55555595ca40_0, 0;
    %jmp T_2.3;
T_2.2 ;
    %load/vec4 v0x55555595c970_0;
    %pad/u 32;
    %cmpi/e 1, 0, 32;
    %jmp/0xz  T_2.8, 4;
    %load/vec4 v0x55555595cd80_0;
    %load/vec4 v0x55555595c570_0;
    %pad/u 5;
    %ix/vec4 3;
    %ix/load 4, 0, 0; Constant delay
    %assign/vec4/a/d v0x55555595cc40, 0, 4;
    %pushi/vec4 1, 0, 1;
    %assign/vec4 v0x55555595cb10_0, 0;
T_2.8 ;
T_2.3 ;
T_2.1 ;
    %jmp T_2;
    .thread T_2;
    .scope S_0x5555558eb4a0;
T_3 ;
    %wait E_0x5555558a95e0;
    %pushi/vec4 0, 0, 1;
    %assign/vec4 v0x55555591fc50_0, 0;
    %load/vec4 v0x5555558dc150_0;
    %pad/u 32;
    %cmpi/e 0, 0, 32;
    %jmp/0xz  T_3.0, 4;
    %pushi/vec4 0, 0, 1;
    %assign/vec4 v0x55555591fc50_0, 0;
T_3.0 ;
    %load/vec4 v0x5555558a9d40_0;
    %pad/u 32;
    %cmpi/e 1, 0, 32;
    %jmp/0xz  T_3.2, 4;
    %pushi/vec4 1, 0, 1;
    %assign/vec4 v0x55555591fc50_0, 0;
T_3.2 ;
    %jmp T_3;
    .thread T_3;
    .scope S_0x55555595ab20;
T_4 ;
    %wait E_0x5555558a95e0;
    %pushi/vec4 0, 0, 1;
    %assign/vec4 v0x55555595ae30_0, 0;
    %load/vec4 v0x55555595b1e0_0;
    %pad/u 32;
    %cmpi/e 0, 0, 32;
    %jmp/0xz  T_4.0, 4;
    %pushi/vec4 0, 0, 1;
    %assign/vec4 v0x55555595ae30_0, 0;
T_4.0 ;
    %load/vec4 v0x55555595b280_0;
    %pad/u 32;
    %cmpi/e 1, 0, 32;
    %jmp/0xz  T_4.2, 4;
    %pushi/vec4 1, 0, 1;
    %assign/vec4 v0x55555595ae30_0, 0;
T_4.2 ;
    %jmp T_4;
    .thread T_4;
    .scope S_0x55555595a7e0;
T_5 ;
    %wait E_0x5555558a95e0;
    %pushi/vec4 0, 0, 1;
    %assign/vec4 v0x55555595bac0_0, 0;
    %load/vec4 v0x55555595bea0_0;
    %pad/u 32;
    %cmpi/e 0, 0, 32;
    %jmp/0xz  T_5.0, 4;
    %pushi/vec4 0, 0, 8;
    %assign/vec4 v0x55555595b850_0, 0;
    %pushi/vec4 0, 0, 1;
    %assign/vec4 v0x55555595bac0_0, 0;
T_5.0 ;
    %load/vec4 v0x55555595ba20_0;
    %pad/u 32;
    %cmpi/e 1, 0, 32;
    %jmp/0xz  T_5.2, 4;
    %load/vec4 v0x55555595bdd0_0;
    %assign/vec4 v0x55555595b850_0, 0;
    %pushi/vec4 1, 0, 1;
    %assign/vec4 v0x55555595bac0_0, 0;
T_5.2 ;
    %jmp T_5;
    .thread T_5;
    .scope S_0x5555558e2880;
T_6 ;
    %pushi/vec4 0, 0, 1;
    %store/vec4 v0x55555595e7b0_0, 0, 1;
    %pushi/vec4 1, 0, 1;
    %store/vec4 v0x55555595ee50_0, 0, 1;
    %end;
    .thread T_6;
    .scope S_0x5555558e2880;
T_7 ;
    %delay 10000, 0;
    %load/vec4 v0x55555595e7b0_0;
    %inv;
    %store/vec4 v0x55555595e7b0_0, 0, 1;
    %jmp T_7;
    .thread T_7;
    .scope S_0x5555558e2880;
T_8 ;
    %vpi_call 2 46 "$dumpfile", "heichips26_digital_project_tb.fst" {0 0 0};
    %vpi_call 2 47 "$dumpvars" {0 0 0};
    %vpi_call 2 49 "$display", "STARTING TESTBENCH!" {0 0 0};
    %pushi/vec4 0, 0, 1;
    %store/vec4 v0x55555595ee50_0, 0, 1;
    %delay 20000, 0;
    %pushi/vec4 1, 0, 1;
    %store/vec4 v0x55555595ee50_0, 0, 1;
    %delay 20000, 0;
    %vpi_call 2 63 "$display", "Waiting for Start Instruction to be done!!!" {0 0 0};
T_8.0 ;
    %load/vec4 v0x55555595ed60_0;
    %cmpi/ne 1, 0, 1;
    %jmp/0xz T_8.1, 6;
    %wait E_0x5555558a76a0;
    %jmp T_8.0;
T_8.1 ;
    %vpi_call 2 65 "$display", "Next Instruction got requested!" {0 0 0};
    %delay 100000, 0;
    %load/vec4 v0x55555595ed60_0;
    %pad/u 32;
    %cmpi/ne 1, 0, 32;
    %jmp/0xz  T_8.2, 6;
    %vpi_call 2 67 "$display", "FAIL: ram_out_valid_o not 1 (got %0d)", v0x55555595ed60_0 {0 0 0};
T_8.2 ;
    %load/vec4 v0x55555595ec70_0;
    %pad/u 32;
    %cmpi/ne 0, 0, 32;
    %jmp/0xz  T_8.4, 6;
    %vpi_call 2 68 "$display", "FAIL: ram_out_do_swap_o not 0 (got %0d)", v0x55555595ec70_0 {0 0 0};
T_8.4 ;
    %load/vec4 v0x55555595ea20_0;
    %pad/u 32;
    %cmpi/ne 0, 0, 32;
    %jmp/0xz  T_8.6, 6;
    %vpi_call 2 69 "$display", "FAIL: ram_out_do_swap_o not 0 (got %0d)", v0x55555595ea20_0 {0 0 0};
T_8.6 ;
    %load/vec4 v0x55555595e930_0;
    %pad/u 32;
    %cmpi/ne 0, 0, 32;
    %jmp/0xz  T_8.8, 6;
    %vpi_call 2 70 "$display", "FAIL: data_word_out_o not 0 (got %0d)", v0x55555595e930_0 {0 0 0};
T_8.8 ;
    %vpi_call 2 73 "$display", "Testing Jump And really jump because 0 Passtrough" {0 0 0};
    %wait E_0x5555558e0e30;
    %pushi/vec4 17281, 0, 16;
    %assign/vec4 v0x55555595e870_0, 0;
    %pushi/vec4 1, 0, 1;
    %assign/vec4 v0x55555595eb30_0, 0;
    %wait E_0x5555558e0e30;
    %pushi/vec4 0, 0, 1;
    %assign/vec4 v0x55555595eb30_0, 0;
T_8.10 ;
    %load/vec4 v0x55555595ed60_0;
    %cmpi/ne 1, 0, 1;
    %jmp/0xz T_8.11, 6;
    %wait E_0x5555558a76a0;
    %jmp T_8.10;
T_8.11 ;
    %delay 100000, 0;
    %load/vec4 v0x55555595ed60_0;
    %pad/u 32;
    %cmpi/ne 1, 0, 32;
    %jmp/0xz  T_8.12, 6;
    %vpi_call 2 86 "$display", "FAIL: ram_out_valid_o not 1 (got %0d)", v0x55555595ed60_0 {0 0 0};
T_8.12 ;
    %load/vec4 v0x55555595ec70_0;
    %pad/u 32;
    %cmpi/ne 0, 0, 32;
    %jmp/0xz  T_8.14, 6;
    %vpi_call 2 87 "$display", "FAIL: ram_out_do_swap_o not 0 (got %0d)", v0x55555595ec70_0 {0 0 0};
T_8.14 ;
    %load/vec4 v0x55555595ea20_0;
    %pad/u 32;
    %cmpi/ne 67, 0, 32;
    %jmp/0xz  T_8.16, 6;
    %vpi_call 2 88 "$display", "FAIL: ram_addr_o not 67 (got %0d)", v0x55555595ea20_0 {0 0 0};
T_8.16 ;
    %load/vec4 v0x55555595e930_0;
    %pad/u 32;
    %cmpi/ne 0, 0, 32;
    %jmp/0xz  T_8.18, 6;
    %vpi_call 2 89 "$display", "FAIL: data_word_out_o not 0 (got %0d)", v0x55555595e930_0 {0 0 0};
T_8.18 ;
    %vpi_call 2 92 "$display", "Testing ADDI Passtrough" {0 0 0};
    %wait E_0x5555558e0e30;
    %pushi/vec4 1408, 0, 16;
    %assign/vec4 v0x55555595e870_0, 0;
    %pushi/vec4 1, 0, 1;
    %assign/vec4 v0x55555595eb30_0, 0;
    %wait E_0x5555558e0e30;
    %pushi/vec4 0, 0, 1;
    %assign/vec4 v0x55555595eb30_0, 0;
T_8.20 ;
    %load/vec4 v0x55555595ed60_0;
    %cmpi/ne 1, 0, 1;
    %jmp/0xz T_8.21, 6;
    %wait E_0x5555558a76a0;
    %jmp T_8.20;
T_8.21 ;
    %delay 100000, 0;
    %load/vec4 v0x55555595ed60_0;
    %pad/u 32;
    %cmpi/ne 1, 0, 32;
    %jmp/0xz  T_8.22, 6;
    %vpi_call 2 106 "$display", "FAIL: ram_out_valid_o not 1 (got %0d)", v0x55555595ed60_0 {0 0 0};
T_8.22 ;
    %load/vec4 v0x55555595ec70_0;
    %pad/u 32;
    %cmpi/ne 0, 0, 32;
    %jmp/0xz  T_8.24, 6;
    %vpi_call 2 107 "$display", "FAIL: ram_out_do_swap_o not 0 (got %0d)", v0x55555595ec70_0 {0 0 0};
T_8.24 ;
    %load/vec4 v0x55555595ea20_0;
    %pad/u 32;
    %cmpi/ne 68, 0, 32;
    %jmp/0xz  T_8.26, 6;
    %vpi_call 2 108 "$display", "FAIL: ram_addr_o not 68 (got %0d)", v0x55555595ea20_0 {0 0 0};
T_8.26 ;
    %load/vec4 v0x55555595e930_0;
    %pad/u 32;
    %cmpi/ne 0, 0, 32;
    %jmp/0xz  T_8.28, 6;
    %vpi_call 2 109 "$display", "FAIL: data_word_out_o not 0 (got %0d)", v0x55555595e930_0 {0 0 0};
T_8.28 ;
    %vpi_call 2 110 "$display", "Word was saved in reg4" {0 0 0};
    %vpi_call 2 113 "$display", "Try to jump on reg4 which is not zero" {0 0 0};
    %wait E_0x5555558e0e30;
    %pushi/vec4 1809, 0, 16;
    %assign/vec4 v0x55555595e870_0, 0;
    %pushi/vec4 1, 0, 1;
    %assign/vec4 v0x55555595eb30_0, 0;
    %wait E_0x5555558e0e30;
    %pushi/vec4 0, 0, 1;
    %assign/vec4 v0x55555595eb30_0, 0;
T_8.30 ;
    %load/vec4 v0x55555595ed60_0;
    %cmpi/ne 1, 0, 1;
    %jmp/0xz T_8.31, 6;
    %wait E_0x5555558a76a0;
    %jmp T_8.30;
T_8.31 ;
    %delay 100000, 0;
    %load/vec4 v0x55555595ed60_0;
    %pad/u 32;
    %cmpi/ne 1, 0, 32;
    %jmp/0xz  T_8.32, 6;
    %vpi_call 2 125 "$display", "FAIL: ram_out_valid_o not 1 (got %0d)", v0x55555595ed60_0 {0 0 0};
T_8.32 ;
    %load/vec4 v0x55555595ec70_0;
    %pad/u 32;
    %cmpi/ne 0, 0, 32;
    %jmp/0xz  T_8.34, 6;
    %vpi_call 2 126 "$display", "FAIL: ram_out_do_swap_o not 0 (got %0d)", v0x55555595ec70_0 {0 0 0};
T_8.34 ;
    %load/vec4 v0x55555595ea20_0;
    %pad/u 32;
    %cmpi/ne 69, 0, 32;
    %jmp/0xz  T_8.36, 6;
    %vpi_call 2 127 "$display", "FAIL: ram_addr_o not 69 (got %0d)", v0x55555595ea20_0 {0 0 0};
T_8.36 ;
    %load/vec4 v0x55555595e930_0;
    %pad/u 32;
    %cmpi/ne 0, 0, 32;
    %jmp/0xz  T_8.38, 6;
    %vpi_call 2 128 "$display", "FAIL: data_word_out_o not 0 (got %0d)", v0x55555595e930_0 {0 0 0};
T_8.38 ;
    %vpi_call 2 131 "$display", "Try to Swap on reg4 with ram[reg0]" {0 0 0};
    %wait E_0x5555558e0e30;
    %pushi/vec4 130, 0, 16;
    %assign/vec4 v0x55555595e870_0, 0;
    %pushi/vec4 1, 0, 1;
    %assign/vec4 v0x55555595eb30_0, 0;
    %wait E_0x5555558e0e30;
    %pushi/vec4 0, 0, 1;
    %assign/vec4 v0x55555595eb30_0, 0;
T_8.40 ;
    %load/vec4 v0x55555595ed60_0;
    %cmpi/ne 1, 0, 1;
    %jmp/0xz T_8.41, 6;
    %wait E_0x5555558a76a0;
    %jmp T_8.40;
T_8.41 ;
    %delay 100000, 0;
    %load/vec4 v0x55555595ed60_0;
    %pad/u 32;
    %cmpi/ne 1, 0, 32;
    %jmp/0xz  T_8.42, 6;
    %vpi_call 2 144 "$display", "FAIL: ram_out_valid_o not 1 (got %0d)", v0x55555595ed60_0 {0 0 0};
T_8.42 ;
    %load/vec4 v0x55555595ec70_0;
    %pad/u 32;
    %cmpi/ne 1, 0, 32;
    %jmp/0xz  T_8.44, 6;
    %vpi_call 2 145 "$display", "FAIL: ram_out_do_swap_o not 1 (got %0d)", v0x55555595ec70_0 {0 0 0};
T_8.44 ;
    %load/vec4 v0x55555595ea20_0;
    %pad/u 32;
    %cmpi/ne 0, 0, 32;
    %jmp/0xz  T_8.46, 6;
    %vpi_call 2 146 "$display", "FAIL: ram_addr_o not 0 (got %0d)", v0x55555595ea20_0 {0 0 0};
T_8.46 ;
    %load/vec4 v0x55555595e930_0;
    %pad/u 32;
    %cmpi/ne 5, 0, 32;
    %jmp/0xz  T_8.48, 6;
    %vpi_call 2 147 "$display", "FAIL: data_word_out_o not 5 (got %0d)", v0x55555595e930_0 {0 0 0};
T_8.48 ;
    %wait E_0x5555558e0e30;
    %pushi/vec4 89, 0, 16;
    %store/vec4 v0x55555595e870_0, 0, 16;
    %pushi/vec4 1, 0, 1;
    %assign/vec4 v0x55555595eb30_0, 0;
    %wait E_0x5555558e0e30;
    %pushi/vec4 0, 0, 1;
    %assign/vec4 v0x55555595eb30_0, 0;
T_8.50 ;
    %load/vec4 v0x55555595ed60_0;
    %cmpi/ne 1, 0, 1;
    %jmp/0xz T_8.51, 6;
    %wait E_0x5555558a76a0;
    %jmp T_8.50;
T_8.51 ;
    %delay 100000, 0;
    %load/vec4 v0x55555595ed60_0;
    %pad/u 32;
    %cmpi/ne 1, 0, 32;
    %jmp/0xz  T_8.52, 6;
    %vpi_call 2 159 "$display", "FAIL: ram_out_valid_o not 1 (got %0d)", v0x55555595ed60_0 {0 0 0};
T_8.52 ;
    %load/vec4 v0x55555595ec70_0;
    %pad/u 32;
    %cmpi/ne 0, 0, 32;
    %jmp/0xz  T_8.54, 6;
    %vpi_call 2 160 "$display", "FAIL: ram_out_do_swap_o not 0 (got %0d)", v0x55555595ec70_0 {0 0 0};
T_8.54 ;
    %load/vec4 v0x55555595ea20_0;
    %pad/u 32;
    %cmpi/ne 70, 0, 32;
    %jmp/0xz  T_8.56, 6;
    %vpi_call 2 161 "$display", "FAIL: ram_addr_o not 70 (got %0d)", v0x55555595ea20_0 {0 0 0};
T_8.56 ;
    %load/vec4 v0x55555595e930_0;
    %pad/u 32;
    %cmpi/ne 0, 0, 32;
    %jmp/0xz  T_8.58, 6;
    %vpi_call 2 162 "$display", "FAIL: data_word_out_o not 0 (got %0d)", v0x55555595e930_0 {0 0 0};
T_8.58 ;
    %vpi_call 2 167 "$display", "Try to Swap on reg4 with ram[reg4]" {0 0 0};
    %wait E_0x5555558e0e30;
    %pushi/vec4 146, 0, 16;
    %assign/vec4 v0x55555595e870_0, 0;
    %pushi/vec4 1, 0, 1;
    %assign/vec4 v0x55555595eb30_0, 0;
    %wait E_0x5555558e0e30;
    %pushi/vec4 0, 0, 1;
    %assign/vec4 v0x55555595eb30_0, 0;
T_8.60 ;
    %load/vec4 v0x55555595ed60_0;
    %cmpi/ne 1, 0, 1;
    %jmp/0xz T_8.61, 6;
    %wait E_0x5555558a76a0;
    %jmp T_8.60;
T_8.61 ;
    %delay 100000, 0;
    %load/vec4 v0x55555595ed60_0;
    %pad/u 32;
    %cmpi/ne 1, 0, 32;
    %jmp/0xz  T_8.62, 6;
    %vpi_call 2 180 "$display", "FAIL: ram_out_valid_o not 1 (got %0d)", v0x55555595ed60_0 {0 0 0};
T_8.62 ;
    %load/vec4 v0x55555595ec70_0;
    %pad/u 32;
    %cmpi/ne 1, 0, 32;
    %jmp/0xz  T_8.64, 6;
    %vpi_call 2 181 "$display", "FAIL: ram_out_do_swap_o not 1 (got %0d)", v0x55555595ec70_0 {0 0 0};
T_8.64 ;
    %load/vec4 v0x55555595ea20_0;
    %pad/u 32;
    %cmpi/ne 89, 0, 32;
    %jmp/0xz  T_8.66, 6;
    %vpi_call 2 182 "$display", "FAIL: ram_addr_o not 89 (got %0d)", v0x55555595ea20_0 {0 0 0};
T_8.66 ;
    %load/vec4 v0x55555595e930_0;
    %pad/u 32;
    %cmpi/ne 89, 0, 32;
    %jmp/0xz  T_8.68, 6;
    %vpi_call 2 183 "$display", "FAIL: data_word_out_o not 89 (got %0d)", v0x55555595e930_0 {0 0 0};
T_8.68 ;
    %wait E_0x5555558e0e30;
    %pushi/vec4 69, 0, 16;
    %store/vec4 v0x55555595e870_0, 0, 16;
    %pushi/vec4 1, 0, 1;
    %assign/vec4 v0x55555595eb30_0, 0;
    %wait E_0x5555558e0e30;
    %pushi/vec4 0, 0, 1;
    %assign/vec4 v0x55555595eb30_0, 0;
T_8.70 ;
    %load/vec4 v0x55555595ed60_0;
    %cmpi/ne 1, 0, 1;
    %jmp/0xz T_8.71, 6;
    %wait E_0x5555558a76a0;
    %jmp T_8.70;
T_8.71 ;
    %delay 100000, 0;
    %load/vec4 v0x55555595ed60_0;
    %pad/u 32;
    %cmpi/ne 1, 0, 32;
    %jmp/0xz  T_8.72, 6;
    %vpi_call 2 195 "$display", "FAIL: ram_out_valid_o not 1 (got %0d)", v0x55555595ed60_0 {0 0 0};
T_8.72 ;
    %load/vec4 v0x55555595ec70_0;
    %pad/u 32;
    %cmpi/ne 0, 0, 32;
    %jmp/0xz  T_8.74, 6;
    %vpi_call 2 196 "$display", "FAIL: ram_out_do_swap_o not 0 (got %0d)", v0x55555595ec70_0 {0 0 0};
T_8.74 ;
    %load/vec4 v0x55555595ea20_0;
    %pad/u 32;
    %cmpi/ne 71, 0, 32;
    %jmp/0xz  T_8.76, 6;
    %vpi_call 2 197 "$display", "FAIL: ram_addr_o not 70 (got %0d)", v0x55555595ea20_0 {0 0 0};
T_8.76 ;
    %load/vec4 v0x55555595e930_0;
    %pad/u 32;
    %cmpi/ne 0, 0, 32;
    %jmp/0xz  T_8.78, 6;
    %vpi_call 2 198 "$display", "FAIL: data_word_out_o not 0 (got %0d)", v0x55555595e930_0 {0 0 0};
T_8.78 ;
    %vpi_call 2 209 "$display", "simulation complete." {0 0 0};
    %vpi_call 2 210 "$finish" {0 0 0};
    %end;
    .thread T_8;
# The file index is used to find the file name in the following table.
:file_names 9;
    "N/A";
    "<interactive>";
    "testbenches/verilog/single_core_cpu/cpu_core_swap_tb.sv";
    "rtl/single_core_cpu/cpu_core.sv";
    "rtl/single_core_cpu/add8.sv";
    "rtl/single_core_cpu/decoder.sv";
    "rtl/single_core_cpu/memory_communicator.sv";
    "rtl/single_core_cpu/nextadresslogic.sv";
    "rtl/single_core_cpu/register_file.sv";
