+ analyze_power_grid -net VPWR -voltage_file /Users/benjaminsteeg/Documents/Studium/HeiChips/heichips26-minimal-processor/macros/heichips26_minimal_multicore_processor/flow/librelane/runs/RUN_2026-09-11_19-52-25/56-openroad-irdropreport/net-VPWR.csv
[INFO PSM-0040] All shapes on net VPWR are connected.
########## IR report #################
Net              : VPWR
Corner           : nom_typ_1p20V_25C
Total power      : 2.29e-03 W
Supply voltage   : 1.20e+00 V
Worstcase voltage: 1.20e+00 V
Average voltage  : 1.20e+00 V
Average IR drop  : 5.64e-04 V
Worstcase IR drop: 9.79e-04 V
Percentage drop  : 0.08 %
######################################
+ analyze_power_grid -net VGND -voltage_file /Users/benjaminsteeg/Documents/Studium/HeiChips/heichips26-minimal-processor/macros/heichips26_minimal_multicore_processor/flow/librelane/runs/RUN_2026-09-11_19-52-25/56-openroad-irdropreport/net-VGND.csv
[INFO PSM-0040] All shapes on net VGND are connected.
########## IR report #################
Net              : VGND
Corner           : nom_typ_1p20V_25C
Total power      : 2.29e-03 W
Supply voltage   : 0.00e+00 V
Worstcase voltage: 1.12e-03 V
Average voltage  : 5.48e-04 V
Average IR drop  : 5.48e-04 V
Worstcase IR drop: 1.12e-03 V
Percentage drop  : 0.09 %
######################################
