
===========================================================================
 report_power
============================================================================
======================= nom_typ_1p20V_25C Corner ===================================

Group                    Internal    Switching      Leakage        Total
                            Power        Power        Power        Power (Watts)
------------------------------------------------------------------------
Sequential           1.497537e-03 3.054655e-05 1.238498e-07 1.528207e-03  66.8%
Combinational        1.294466e-04 1.550468e-04 3.127008e-07 2.848061e-04  12.4%
Clock                2.130107e-04 2.628408e-04 9.156054e-08 4.759430e-04  20.8%
Macro                0.000000e+00 0.000000e+00 0.000000e+00 0.000000e+00   0.0%
Pad                  0.000000e+00 0.000000e+00 0.000000e+00 0.000000e+00   0.0%
------------------------------------------------------------------------
Total                1.839993e-03 4.484341e-04 5.281116e-07 2.288955e-03 100.0%
                            80.4%        19.6%         0.0%

