
===========================================================================
 report_power
============================================================================
======================= nom_slow_1p08V_125C Corner ===================================

Group                    Internal    Switching      Leakage        Total
                            Power        Power        Power        Power (Watts)
------------------------------------------------------------------------
Sequential           1.192589e-03 2.426549e-05 5.857914e-07 1.217440e-03  67.2%
Combinational        1.013118e-04 1.220078e-04 1.243732e-06 2.245633e-04  12.4%
Clock                1.666165e-04 2.038327e-04 1.167464e-07 3.705659e-04  20.4%
Macro                0.000000e+00 0.000000e+00 0.000000e+00 0.000000e+00   0.0%
Pad                  0.000000e+00 0.000000e+00 0.000000e+00 0.000000e+00   0.0%
------------------------------------------------------------------------
Total                1.460518e-03 3.501060e-04 1.946261e-06 1.812570e-03 100.0%
                            80.6%        19.3%         0.1%

