158. Printing statistics.

=== heichips26_minimal_multicore_processor ===

        +----------Local Count, excluding submodules.
        |        +-Local Area, excluding submodules.
        |        | 
     1574        - wires
     1609        - wire bits
      267        - public wires
      302        - public wire bits
        8        - ports
       43        - port bits
     1590 2.58E+04 cells
        8  101.606   sg13cmos5l_a21o_1
      215  1950.48   sg13cmos5l_a21oi_1
       18  261.274   sg13cmos5l_a221oi_1
       99 1.07E+03   sg13cmos5l_a22oi_1
       24  217.728   sg13cmos5l_and2_1
        5   63.504   sg13cmos5l_and3_1
        3   43.546   sg13cmos5l_and4_1
      275 1.35E+04   sg13cmos5l_dfrbpq_1
       88  479.002   sg13cmos5l_inv_1
       15   272.16   sg13cmos5l_mux2_1
       32 1.22E+03   sg13cmos5l_mux4_1
       85  616.896   sg13cmos5l_nand2_1
       16  145.152   sg13cmos5l_nand2b_1
       32  290.304   sg13cmos5l_nand3_1
       13  141.523   sg13cmos5l_nand4_1
      161 1.17E+03   sg13cmos5l_nor2_1
       10    90.72   sg13cmos5l_nor2b_1
       10    90.72   sg13cmos5l_nor3_1
        7   76.205   sg13cmos5l_nor4_1
      117 1.06E+03   sg13cmos5l_o21ai_1
       17  154.224   sg13cmos5l_or2_1
        1   12.701   sg13cmos5l_or3_1
      275  1995.84   sg13cmos5l_tiehi
       16  116.122   sg13cmos5l_tielo
       30  435.456   sg13cmos5l_xnor2_1
       18  261.274   sg13cmos5l_xor2_1

   Chip area for module '\heichips26_minimal_multicore_processor': 25811.541000
     of which used for sequential elements: 13471.920000 (52.19%)

