150. Printing statistics.

=== heichips26_minimal_multicore_processor ===

        +----------Local Count, excluding submodules.
        |        +-Local Area, excluding submodules.
        |        | 
     1290        - wires
     1549        - wire bits
       67        - public wires
      318        - public wire bits
        8        - ports
       43        - port bits
     1510 1.35E+04 cells
      188        -   $_ANDNOT_
       68        -   $_AND_
      610        -   $_MUX_
       65        -   $_NAND_
       61        -   $_NOR_
       13        -   $_NOT_
       39        -   $_ORNOT_
      131        -   $_OR_
       34        -   $_XNOR_
       26        -   $_XOR_
      275 1.35E+04   sg13cmos5l_dfrbpq_1

   Area for cell type $_ANDNOT_ is unknown!
   Area for cell type $_AND_ is unknown!
   Area for cell type $_MUX_ is unknown!
   Area for cell type $_NAND_ is unknown!
   Area for cell type $_NOR_ is unknown!
   Area for cell type $_NOT_ is unknown!
   Area for cell type $_ORNOT_ is unknown!
   Area for cell type $_OR_ is unknown!
   Area for cell type $_XNOR_ is unknown!
   Area for cell type $_XOR_ is unknown!

   Chip area for module '\heichips26_minimal_multicore_processor': 13471.920000
     of which used for sequential elements: 13471.920000 (100.00%)

