144. Printing statistics.

=== heichips26_minimal_multicore_processor ===

        +----------Local Count, excluding submodules.
        | 
      875 wires
     1134 wire bits
       67 public wires
      318 public wire bits
        8 ports
       43 port bits
     1095 cells
      188   $_ANDNOT_
       68   $_AND_
       83   $_DFFE_PP_
       16   $_DFF_P_
      195   $_MUX_
       65   $_NAND_
       61   $_NOR_
       13   $_NOT_
       39   $_ORNOT_
      131   $_OR_
        6   $_SDFFCE_PN0P_
        1   $_SDFFCE_PN1P_
      146   $_SDFFE_PN0P_
        3   $_SDFFE_PN1P_
       16   $_SDFF_PN0_
        2   $_SDFF_PN1_
        2   $_SDFF_PP0_
       34   $_XNOR_
       26   $_XOR_

   Area for cell type $_ANDNOT_ is unknown!
   Area for cell type $_AND_ is unknown!
   Area for cell type $_DFFE_PP_ is unknown!
   Area for cell type $_DFF_P_ is unknown!
   Area for cell type $_MUX_ is unknown!
   Area for cell type $_NAND_ is unknown!
   Area for cell type $_NOR_ is unknown!
   Area for cell type $_NOT_ is unknown!
   Area for cell type $_ORNOT_ is unknown!
   Area for cell type $_OR_ is unknown!
   Area for cell type $_SDFFCE_PN0P_ is unknown!
   Area for cell type $_SDFFCE_PN1P_ is unknown!
   Area for cell type $_SDFFE_PN0P_ is unknown!
   Area for cell type $_SDFFE_PN1P_ is unknown!
   Area for cell type $_SDFF_PN0_ is unknown!
   Area for cell type $_SDFF_PN1_ is unknown!
   Area for cell type $_SDFF_PP0_ is unknown!
   Area for cell type $_XNOR_ is unknown!
   Area for cell type $_XOR_ is unknown!

